// Jest Snapshot v1, https://goo.gl/fbAQLP

exports[`ProviderSelector snapshots matches snapshot in compact mode 1`] = `"<div class="sdaa-provider-selector is-compact"><div class="sdaa-provider-selector__row"><div data-size="compact"><select data-label=""><option value="openai" selected="">OpenAI</option><option value="anthropic">Anthropic</option></select></div><button class="sdaa-provider-selector__refresh" aria-label="Refresh providers"></button></div><div data-size="compact"><select data-label=""><option value="gpt-4o" selected="">GPT-4o</option><option value="gpt-4o-mini">GPT-4o Mini</option></select></div></div>"`;

exports[`ProviderSelector snapshots matches snapshot in default (non-compact) mode 1`] = `"<div class="sdaa-provider-selector "><div class="sdaa-provider-selector__row"><div data-size="default"><label>Provider</label><select data-label="Provider"><option value="openai" selected="">OpenAI</option><option value="anthropic">Anthropic</option></select></div><button class="sdaa-provider-selector__refresh" aria-label="Refresh providers"></button></div><div data-size="default"><label>Model</label><select data-label="Model"><option value="gpt-4o" selected="">GPT-4o</option><option value="gpt-4o-mini">GPT-4o Mini</option></select></div></div>"`;

exports[`ProviderSelector snapshots matches snapshot with no providers 1`] = `"<div class="sdaa-provider-selector"><p><a href="options-general.php?page=options-connectors-wp-admin">Configure a provider</a></p></div>"`;
